# MiClash intended iptables contract v1
ipset create miclash_local4 hash:net family inet -exist
ipset flush miclash_local4
ipset create clash_fakeip_whitelist hash:net family inet -exist
ipset flush clash_fakeip_whitelist
ipset add clash_fakeip_whitelist 198.18.0.0/16 -exist
ipset add clash_fakeip_whitelist 8.8.4.0/24 -exist
ipset add miclash_local4 0.0.0.0/8 -exist
ipset add miclash_local4 10.0.0.0/8 -exist
ipset add miclash_local4 100.64.0.0/10 -exist
ipset add miclash_local4 127.0.0.0/8 -exist
ipset add miclash_local4 169.254.0.0/16 -exist
ipset add miclash_local4 172.16.0.0/12 -exist
ipset add miclash_local4 192.0.2.0/24 -exist
ipset add miclash_local4 192.88.99.0/24 -exist
ipset add miclash_local4 192.168.0.0/16 -exist
ipset add miclash_local4 198.51.100.0/24 -exist
ipset add miclash_local4 203.0.113.0/24 -exist
ipset add miclash_local4 224.0.0.0/4 -exist
ipset add miclash_local4 240.0.0.0/4 -exist
ipset add miclash_local4 255.255.255.255/32 -exist
iptables -t mangle -N MICLASH_PREROUTING
iptables -t mangle -N MICLASH_PROXY
iptables -t mangle -N MICLASH_OUTPUT
iptables -t mangle -A PREROUTING -j MICLASH_PREROUTING
iptables -t mangle -A OUTPUT -j MICLASH_OUTPUT
iptables -t filter -N MICLASH_GUARD_FORWARD
iptables -t filter -I FORWARD 1 -j MICLASH_GUARD_FORWARD
iptables -t filter -A MICLASH_GUARD_FORWARD -i clash-tun -j RETURN
iptables -t filter -A MICLASH_GUARD_FORWARD -o clash-tun -j RETURN
iptables -t filter -A MICLASH_GUARD_FORWARD -m conntrack --ctstate DNAT -j RETURN
iptables -t filter -A MICLASH_GUARD_FORWARD -p udp --sport 67 --dport 68 -j RETURN
iptables -t filter -A MICLASH_GUARD_FORWARD -p udp --sport 68 --dport 67 -j RETURN
iptables -t filter -A MICLASH_GUARD_FORWARD -m set --match-set miclash_local4 dst -j RETURN
iptables -t filter -A MICLASH_GUARD_FORWARD -j DROP
iptables -t mangle -A MICLASH_PREROUTING -i br-lan -j MICLASH_PROXY
iptables -t mangle -A MICLASH_PROXY -m set --match-set miclash_local4 dst -j RETURN
iptables -t mangle -A MICLASH_PROXY -m set --match-set clash_fakeip_whitelist dst -p tcp -j MARK --set-mark 0x1
iptables -t mangle -A MICLASH_PROXY -m set --match-set clash_fakeip_whitelist dst -p udp -j MARK --set-mark 0x1
iptables -t mangle -A MICLASH_OUTPUT -m mark --mark 0x0002 -j RETURN
iptables -t mangle -A MICLASH_OUTPUT -m mark --mark 0xff00/0xff00 -j RETURN
iptables -t mangle -A MICLASH_OUTPUT -m mark --mark 0x0 -p tcp -j MARK --set-mark 0x1
iptables -t mangle -A MICLASH_OUTPUT -m mark --mark 0x0 -p udp -j MARK --set-mark 0x1
iptables -t filter -I INPUT 1 -i clash-tun -j ACCEPT
iptables -t filter -I FORWARD 1 -i clash-tun -j ACCEPT
iptables -t filter -I FORWARD 1 -o clash-tun -j ACCEPT
