# MiClash intended routing contract v1
ip route replace local default dev lo table 100
ip rule add pref 1000 fwmark 0x1 table 100
ip route replace unreachable default metric 42760 table 101
ip rule add pref 1001 fwmark 0x3 table 101
# hotplug clash-tun: replace table 101 default with dev clash-tun
ip -6 route replace local default dev lo table 100
ip -6 rule add pref 1000 fwmark 0x1 table 100
ip -6 route replace unreachable default metric 42760 table 101
ip -6 rule add pref 1001 fwmark 0x3 table 101
# hotplug clash-tun: replace table 101 default with dev clash-tun
