{
  "generation": "111111111111",
  "previous_generation": "000000000000",
  "model": {
    "schema_version": 1,
    "normalized": [
      {
        "command": "ipset",
        "args": [
          "create",
          "miclash_local4",
          "hash:net",
          "family",
          "inet",
          "-exist"
        ]
      },
      {
        "command": "ipset",
        "args": [
          "flush",
          "miclash_local4"
        ]
      },
      {
        "command": "ipset",
        "args": [
          "add",
          "miclash_local4",
          "0.0.0.0/8",
          "-exist"
        ]
      },
      {
        "command": "ipset",
        "args": [
          "add",
          "miclash_local4",
          "10.0.0.0/8",
          "-exist"
        ]
      },
      {
        "command": "ipset",
        "args": [
          "add",
          "miclash_local4",
          "100.64.0.0/10",
          "-exist"
        ]
      },
      {
        "command": "ipset",
        "args": [
          "add",
          "miclash_local4",
          "127.0.0.0/8",
          "-exist"
        ]
      },
      {
        "command": "ipset",
        "args": [
          "add",
          "miclash_local4",
          "169.254.0.0/16",
          "-exist"
        ]
      },
      {
        "command": "ipset",
        "args": [
          "add",
          "miclash_local4",
          "172.16.0.0/12",
          "-exist"
        ]
      },
      {
        "command": "ipset",
        "args": [
          "add",
          "miclash_local4",
          "192.0.2.0/24",
          "-exist"
        ]
      },
      {
        "command": "ipset",
        "args": [
          "add",
          "miclash_local4",
          "192.88.99.0/24",
          "-exist"
        ]
      },
      {
        "command": "ipset",
        "args": [
          "add",
          "miclash_local4",
          "192.168.0.0/16",
          "-exist"
        ]
      },
      {
        "command": "ipset",
        "args": [
          "add",
          "miclash_local4",
          "198.51.100.0/24",
          "-exist"
        ]
      },
      {
        "command": "ipset",
        "args": [
          "add",
          "miclash_local4",
          "203.0.113.0/24",
          "-exist"
        ]
      },
      {
        "command": "ipset",
        "args": [
          "add",
          "miclash_local4",
          "224.0.0.0/4",
          "-exist"
        ]
      },
      {
        "command": "ipset",
        "args": [
          "add",
          "miclash_local4",
          "240.0.0.0/4",
          "-exist"
        ]
      },
      {
        "command": "ipset",
        "args": [
          "add",
          "miclash_local4",
          "255.255.255.255/32",
          "-exist"
        ]
      },
      {
        "command": "iptables",
        "args": [
          "-t",
          "mangle",
          "-N",
          "MICLASH_PREROUTING"
        ]
      },
      {
        "command": "iptables",
        "args": [
          "-t",
          "mangle",
          "-N",
          "MICLASH_PROXY"
        ]
      },
      {
        "command": "iptables",
        "args": [
          "-t",
          "mangle",
          "-N",
          "MICLASH_OUTPUT"
        ]
      },
      {
        "command": "iptables",
        "args": [
          "-t",
          "mangle",
          "-A",
          "PREROUTING",
          "-j",
          "MICLASH_PREROUTING"
        ]
      },
      {
        "command": "iptables",
        "args": [
          "-t",
          "mangle",
          "-A",
          "OUTPUT",
          "-j",
          "MICLASH_OUTPUT"
        ]
      },
      {
        "command": "iptables",
        "args": [
          "-t",
          "mangle",
          "-A",
          "MICLASH_PREROUTING",
          "-i",
          "eth1",
          "-j",
          "RETURN"
        ]
      },
      {
        "command": "iptables",
        "args": [
          "-t",
          "mangle",
          "-A",
          "MICLASH_PREROUTING",
          "-j",
          "MICLASH_PROXY"
        ]
      },
      {
        "command": "iptables",
        "args": [
          "-t",
          "mangle",
          "-A",
          "MICLASH_PROXY",
          "-m",
          "mac",
          "--mac-source",
          "02:00:00:00:00:50",
          "-j",
          "DROP"
        ]
      },
      {
        "command": "iptables",
        "args": [
          "-t",
          "mangle",
          "-A",
          "MICLASH_PROXY",
          "-m",
          "mac",
          "--mac-source",
          "02:00:00:00:00:51",
          "-p",
          "tcp",
          "-j",
          "TPROXY",
          "--on-ip",
          "127.0.0.1",
          "--on-port",
          "7894",
          "--tproxy-mark",
          "0x1"
        ]
      },
      {
        "command": "iptables",
        "args": [
          "-t",
          "mangle",
          "-A",
          "MICLASH_PROXY",
          "-m",
          "mac",
          "--mac-source",
          "02:00:00:00:00:51",
          "-p",
          "udp",
          "-j",
          "TPROXY",
          "--on-ip",
          "127.0.0.1",
          "--on-port",
          "7894",
          "--tproxy-mark",
          "0x1"
        ]
      },
      {
        "command": "iptables",
        "args": [
          "-t",
          "mangle",
          "-A",
          "MICLASH_PROXY",
          "-m",
          "set",
          "--match-set",
          "miclash_local4",
          "dst",
          "-j",
          "RETURN"
        ]
      },
      {
        "command": "iptables",
        "args": [
          "-t",
          "mangle",
          "-A",
          "MICLASH_PROXY",
          "-p",
          "udp",
          "--dport",
          "443",
          "-j",
          "DROP"
        ]
      },
      {
        "command": "iptables",
        "args": [
          "-t",
          "mangle",
          "-A",
          "MICLASH_PROXY",
          "-p",
          "tcp",
          "-j",
          "TPROXY",
          "--on-ip",
          "127.0.0.1",
          "--on-port",
          "7894",
          "--tproxy-mark",
          "0x1"
        ]
      },
      {
        "command": "iptables",
        "args": [
          "-t",
          "mangle",
          "-A",
          "MICLASH_PROXY",
          "-p",
          "udp",
          "-j",
          "TPROXY",
          "--on-ip",
          "127.0.0.1",
          "--on-port",
          "7894",
          "--tproxy-mark",
          "0x1"
        ]
      },
      {
        "command": "iptables",
        "args": [
          "-t",
          "mangle",
          "-A",
          "MICLASH_OUTPUT",
          "-m",
          "mark",
          "--mark",
          "0x0002",
          "-j",
          "RETURN"
        ]
      },
      {
        "command": "iptables",
        "args": [
          "-t",
          "mangle",
          "-A",
          "MICLASH_OUTPUT",
          "-m",
          "mark",
          "--mark",
          "0xff00/0xff00",
          "-j",
          "RETURN"
        ]
      },
      {
        "command": "iptables",
        "args": [
          "-t",
          "mangle",
          "-A",
          "MICLASH_OUTPUT",
          "-m",
          "set",
          "--match-set",
          "miclash_local4",
          "dst",
          "-j",
          "RETURN"
        ]
      },
      {
        "command": "iptables",
        "args": [
          "-t",
          "mangle",
          "-A",
          "MICLASH_OUTPUT",
          "-m",
          "mark",
          "--mark",
          "0x0",
          "-p",
          "tcp",
          "-j",
          "MARK",
          "--set-mark",
          "0x1"
        ]
      },
      {
        "command": "iptables",
        "args": [
          "-t",
          "mangle",
          "-A",
          "MICLASH_OUTPUT",
          "-m",
          "mark",
          "--mark",
          "0x0",
          "-p",
          "udp",
          "-j",
          "MARK",
          "--set-mark",
          "0x1"
        ]
      }
    ]
  },
  "stages": {
    "anchors": [
      {
        "command": "iptables",
        "args": [
          "-t",
          "mangle",
          "-N",
          "MCL_AN_PR"
        ],
        "tolerate_failure": true
      },
      {
        "command": "iptables",
        "args": [
          "-t",
          "mangle",
          "-C",
          "PREROUTING",
          "-j",
          "MCL_AN_PR"
        ],
        "on_failure": [
          "-t",
          "mangle",
          "-A",
          "PREROUTING",
          "-j",
          "MCL_AN_PR"
        ]
      },
      {
        "command": "iptables",
        "args": [
          "-t",
          "mangle",
          "-N",
          "MCL_AN_OU"
        ],
        "tolerate_failure": true
      },
      {
        "command": "iptables",
        "args": [
          "-t",
          "mangle",
          "-C",
          "OUTPUT",
          "-j",
          "MCL_AN_OU"
        ],
        "on_failure": [
          "-t",
          "mangle",
          "-A",
          "OUTPUT",
          "-j",
          "MCL_AN_OU"
        ]
      },
      {
        "command": "iptables",
        "args": [
          "-t",
          "filter",
          "-N",
          "MCL_AN_TI"
        ],
        "tolerate_failure": true
      },
      {
        "command": "iptables",
        "args": [
          "-t",
          "filter",
          "-C",
          "INPUT",
          "-j",
          "MCL_AN_TI"
        ],
        "on_failure": [
          "-t",
          "filter",
          "-A",
          "INPUT",
          "-j",
          "MCL_AN_TI"
        ]
      },
      {
        "command": "iptables",
        "args": [
          "-t",
          "filter",
          "-N",
          "MCL_AN_TF"
        ],
        "tolerate_failure": true
      },
      {
        "command": "iptables",
        "args": [
          "-t",
          "filter",
          "-C",
          "FORWARD",
          "-j",
          "MCL_AN_TF"
        ],
        "on_failure": [
          "-t",
          "filter",
          "-A",
          "FORWARD",
          "-j",
          "MCL_AN_TF"
        ]
      }
    ],
    "prepare": [
      {
        "command": "iptables",
        "args": [
          "-t",
          "mangle",
          "-N",
          "MCL_PR_111111111111"
        ]
      },
      {
        "command": "iptables",
        "args": [
          "-t",
          "mangle",
          "-N",
          "MCL_PX_111111111111"
        ]
      },
      {
        "command": "iptables",
        "args": [
          "-t",
          "mangle",
          "-N",
          "MCL_OU_111111111111"
        ]
      },
      {
        "command": "iptables",
        "args": [
          "-t",
          "filter",
          "-N",
          "MCL_TI_111111111111"
        ]
      },
      {
        "command": "iptables",
        "args": [
          "-t",
          "filter",
          "-N",
          "MCL_TF_111111111111"
        ]
      },
      {
        "command": "ipset",
        "args": [
          "create",
          "MCL_L4_111111111111",
          "hash:net",
          "family",
          "inet",
          "-exist"
        ]
      },
      {
        "command": "ipset",
        "args": [
          "create",
          "MCL_F4_111111111111",
          "hash:net",
          "family",
          "inet",
          "-exist"
        ]
      },
      {
        "command": "ipset",
        "args": [
          "add",
          "MCL_L4_111111111111",
          "0.0.0.0/8",
          "-exist"
        ]
      },
      {
        "command": "ipset",
        "args": [
          "add",
          "MCL_L4_111111111111",
          "10.0.0.0/8",
          "-exist"
        ]
      },
      {
        "command": "ipset",
        "args": [
          "add",
          "MCL_L4_111111111111",
          "100.64.0.0/10",
          "-exist"
        ]
      },
      {
        "command": "ipset",
        "args": [
          "add",
          "MCL_L4_111111111111",
          "127.0.0.0/8",
          "-exist"
        ]
      },
      {
        "command": "ipset",
        "args": [
          "add",
          "MCL_L4_111111111111",
          "169.254.0.0/16",
          "-exist"
        ]
      },
      {
        "command": "ipset",
        "args": [
          "add",
          "MCL_L4_111111111111",
          "172.16.0.0/12",
          "-exist"
        ]
      },
      {
        "command": "ipset",
        "args": [
          "add",
          "MCL_L4_111111111111",
          "192.0.2.0/24",
          "-exist"
        ]
      },
      {
        "command": "ipset",
        "args": [
          "add",
          "MCL_L4_111111111111",
          "192.88.99.0/24",
          "-exist"
        ]
      },
      {
        "command": "ipset",
        "args": [
          "add",
          "MCL_L4_111111111111",
          "192.168.0.0/16",
          "-exist"
        ]
      },
      {
        "command": "ipset",
        "args": [
          "add",
          "MCL_L4_111111111111",
          "198.51.100.0/24",
          "-exist"
        ]
      },
      {
        "command": "ipset",
        "args": [
          "add",
          "MCL_L4_111111111111",
          "203.0.113.0/24",
          "-exist"
        ]
      },
      {
        "command": "ipset",
        "args": [
          "add",
          "MCL_L4_111111111111",
          "224.0.0.0/4",
          "-exist"
        ]
      },
      {
        "command": "ipset",
        "args": [
          "add",
          "MCL_L4_111111111111",
          "240.0.0.0/4",
          "-exist"
        ]
      },
      {
        "command": "ipset",
        "args": [
          "add",
          "MCL_L4_111111111111",
          "255.255.255.255/32",
          "-exist"
        ]
      },
      {
        "command": "iptables",
        "args": [
          "-t",
          "mangle",
          "-A",
          "MCL_PR_111111111111",
          "-i",
          "eth1",
          "-j",
          "RETURN"
        ]
      },
      {
        "command": "iptables",
        "args": [
          "-t",
          "mangle",
          "-A",
          "MCL_PR_111111111111",
          "-j",
          "MCL_PX_111111111111"
        ]
      },
      {
        "command": "iptables",
        "args": [
          "-t",
          "mangle",
          "-A",
          "MCL_PX_111111111111",
          "-m",
          "mac",
          "--mac-source",
          "02:00:00:00:00:50",
          "-j",
          "DROP"
        ]
      },
      {
        "command": "iptables",
        "args": [
          "-t",
          "mangle",
          "-A",
          "MCL_PX_111111111111",
          "-m",
          "mac",
          "--mac-source",
          "02:00:00:00:00:51",
          "-p",
          "tcp",
          "-j",
          "TPROXY",
          "--on-ip",
          "127.0.0.1",
          "--on-port",
          "7894",
          "--tproxy-mark",
          "0x1"
        ]
      },
      {
        "command": "iptables",
        "args": [
          "-t",
          "mangle",
          "-A",
          "MCL_PX_111111111111",
          "-m",
          "mac",
          "--mac-source",
          "02:00:00:00:00:51",
          "-p",
          "udp",
          "-j",
          "TPROXY",
          "--on-ip",
          "127.0.0.1",
          "--on-port",
          "7894",
          "--tproxy-mark",
          "0x1"
        ]
      },
      {
        "command": "iptables",
        "args": [
          "-t",
          "mangle",
          "-A",
          "MCL_PX_111111111111",
          "-m",
          "set",
          "--match-set",
          "MCL_L4_111111111111",
          "dst",
          "-j",
          "RETURN"
        ]
      },
      {
        "command": "iptables",
        "args": [
          "-t",
          "mangle",
          "-A",
          "MCL_PX_111111111111",
          "-p",
          "udp",
          "--dport",
          "443",
          "-j",
          "DROP"
        ]
      },
      {
        "command": "iptables",
        "args": [
          "-t",
          "mangle",
          "-A",
          "MCL_PX_111111111111",
          "-p",
          "tcp",
          "-j",
          "TPROXY",
          "--on-ip",
          "127.0.0.1",
          "--on-port",
          "7894",
          "--tproxy-mark",
          "0x1"
        ]
      },
      {
        "command": "iptables",
        "args": [
          "-t",
          "mangle",
          "-A",
          "MCL_PX_111111111111",
          "-p",
          "udp",
          "-j",
          "TPROXY",
          "--on-ip",
          "127.0.0.1",
          "--on-port",
          "7894",
          "--tproxy-mark",
          "0x1"
        ]
      },
      {
        "command": "iptables",
        "args": [
          "-t",
          "mangle",
          "-A",
          "MCL_OU_111111111111",
          "-m",
          "mark",
          "--mark",
          "0x0002",
          "-j",
          "RETURN"
        ]
      },
      {
        "command": "iptables",
        "args": [
          "-t",
          "mangle",
          "-A",
          "MCL_OU_111111111111",
          "-m",
          "mark",
          "--mark",
          "0xff00/0xff00",
          "-j",
          "RETURN"
        ]
      },
      {
        "command": "iptables",
        "args": [
          "-t",
          "mangle",
          "-A",
          "MCL_OU_111111111111",
          "-m",
          "set",
          "--match-set",
          "MCL_L4_111111111111",
          "dst",
          "-j",
          "RETURN"
        ]
      },
      {
        "command": "iptables",
        "args": [
          "-t",
          "mangle",
          "-A",
          "MCL_OU_111111111111",
          "-m",
          "mark",
          "--mark",
          "0x0",
          "-p",
          "tcp",
          "-j",
          "MARK",
          "--set-mark",
          "0x1"
        ]
      },
      {
        "command": "iptables",
        "args": [
          "-t",
          "mangle",
          "-A",
          "MCL_OU_111111111111",
          "-m",
          "mark",
          "--mark",
          "0x0",
          "-p",
          "udp",
          "-j",
          "MARK",
          "--set-mark",
          "0x1"
        ]
      }
    ],
    "verify_prepared": [
      {
        "command": "iptables",
        "args": [
          "-t",
          "mangle",
          "-L",
          "MCL_PR_111111111111"
        ]
      },
      {
        "command": "iptables",
        "args": [
          "-t",
          "mangle",
          "-L",
          "MCL_PX_111111111111"
        ]
      },
      {
        "command": "iptables",
        "args": [
          "-t",
          "mangle",
          "-L",
          "MCL_OU_111111111111"
        ]
      },
      {
        "command": "iptables",
        "args": [
          "-t",
          "filter",
          "-L",
          "MCL_TI_111111111111"
        ]
      },
      {
        "command": "iptables",
        "args": [
          "-t",
          "filter",
          "-L",
          "MCL_TF_111111111111"
        ]
      },
      {
        "command": "ipset",
        "args": [
          "list",
          "MCL_L4_111111111111"
        ]
      },
      {
        "command": "ipset",
        "args": [
          "list",
          "MCL_F4_111111111111"
        ]
      },
      {
        "command": "ipset",
        "args": [
          "test",
          "MCL_L4_111111111111",
          "0.0.0.0/8"
        ]
      },
      {
        "command": "ipset",
        "args": [
          "test",
          "MCL_L4_111111111111",
          "10.0.0.0/8"
        ]
      },
      {
        "command": "ipset",
        "args": [
          "test",
          "MCL_L4_111111111111",
          "100.64.0.0/10"
        ]
      },
      {
        "command": "ipset",
        "args": [
          "test",
          "MCL_L4_111111111111",
          "127.0.0.0/8"
        ]
      },
      {
        "command": "ipset",
        "args": [
          "test",
          "MCL_L4_111111111111",
          "169.254.0.0/16"
        ]
      },
      {
        "command": "ipset",
        "args": [
          "test",
          "MCL_L4_111111111111",
          "172.16.0.0/12"
        ]
      },
      {
        "command": "ipset",
        "args": [
          "test",
          "MCL_L4_111111111111",
          "192.0.2.0/24"
        ]
      },
      {
        "command": "ipset",
        "args": [
          "test",
          "MCL_L4_111111111111",
          "192.88.99.0/24"
        ]
      },
      {
        "command": "ipset",
        "args": [
          "test",
          "MCL_L4_111111111111",
          "192.168.0.0/16"
        ]
      },
      {
        "command": "ipset",
        "args": [
          "test",
          "MCL_L4_111111111111",
          "198.51.100.0/24"
        ]
      },
      {
        "command": "ipset",
        "args": [
          "test",
          "MCL_L4_111111111111",
          "203.0.113.0/24"
        ]
      },
      {
        "command": "ipset",
        "args": [
          "test",
          "MCL_L4_111111111111",
          "224.0.0.0/4"
        ]
      },
      {
        "command": "ipset",
        "args": [
          "test",
          "MCL_L4_111111111111",
          "240.0.0.0/4"
        ]
      },
      {
        "command": "ipset",
        "args": [
          "test",
          "MCL_L4_111111111111",
          "255.255.255.255/32"
        ]
      },
      {
        "command": "iptables",
        "args": [
          "-t",
          "mangle",
          "-C",
          "MCL_PR_111111111111",
          "-i",
          "eth1",
          "-j",
          "RETURN"
        ]
      },
      {
        "command": "iptables",
        "args": [
          "-t",
          "mangle",
          "-C",
          "MCL_PR_111111111111",
          "-j",
          "MCL_PX_111111111111"
        ]
      },
      {
        "command": "iptables",
        "args": [
          "-t",
          "mangle",
          "-C",
          "MCL_PX_111111111111",
          "-m",
          "mac",
          "--mac-source",
          "02:00:00:00:00:50",
          "-j",
          "DROP"
        ]
      },
      {
        "command": "iptables",
        "args": [
          "-t",
          "mangle",
          "-C",
          "MCL_PX_111111111111",
          "-m",
          "mac",
          "--mac-source",
          "02:00:00:00:00:51",
          "-p",
          "tcp",
          "-j",
          "TPROXY",
          "--on-ip",
          "127.0.0.1",
          "--on-port",
          "7894",
          "--tproxy-mark",
          "0x1"
        ]
      },
      {
        "command": "iptables",
        "args": [
          "-t",
          "mangle",
          "-C",
          "MCL_PX_111111111111",
          "-m",
          "mac",
          "--mac-source",
          "02:00:00:00:00:51",
          "-p",
          "udp",
          "-j",
          "TPROXY",
          "--on-ip",
          "127.0.0.1",
          "--on-port",
          "7894",
          "--tproxy-mark",
          "0x1"
        ]
      },
      {
        "command": "iptables",
        "args": [
          "-t",
          "mangle",
          "-C",
          "MCL_PX_111111111111",
          "-m",
          "set",
          "--match-set",
          "MCL_L4_111111111111",
          "dst",
          "-j",
          "RETURN"
        ]
      },
      {
        "command": "iptables",
        "args": [
          "-t",
          "mangle",
          "-C",
          "MCL_PX_111111111111",
          "-p",
          "udp",
          "--dport",
          "443",
          "-j",
          "DROP"
        ]
      },
      {
        "command": "iptables",
        "args": [
          "-t",
          "mangle",
          "-C",
          "MCL_PX_111111111111",
          "-p",
          "tcp",
          "-j",
          "TPROXY",
          "--on-ip",
          "127.0.0.1",
          "--on-port",
          "7894",
          "--tproxy-mark",
          "0x1"
        ]
      },
      {
        "command": "iptables",
        "args": [
          "-t",
          "mangle",
          "-C",
          "MCL_PX_111111111111",
          "-p",
          "udp",
          "-j",
          "TPROXY",
          "--on-ip",
          "127.0.0.1",
          "--on-port",
          "7894",
          "--tproxy-mark",
          "0x1"
        ]
      },
      {
        "command": "iptables",
        "args": [
          "-t",
          "mangle",
          "-C",
          "MCL_OU_111111111111",
          "-m",
          "mark",
          "--mark",
          "0x0002",
          "-j",
          "RETURN"
        ]
      },
      {
        "command": "iptables",
        "args": [
          "-t",
          "mangle",
          "-C",
          "MCL_OU_111111111111",
          "-m",
          "mark",
          "--mark",
          "0xff00/0xff00",
          "-j",
          "RETURN"
        ]
      },
      {
        "command": "iptables",
        "args": [
          "-t",
          "mangle",
          "-C",
          "MCL_OU_111111111111",
          "-m",
          "set",
          "--match-set",
          "MCL_L4_111111111111",
          "dst",
          "-j",
          "RETURN"
        ]
      },
      {
        "command": "iptables",
        "args": [
          "-t",
          "mangle",
          "-C",
          "MCL_OU_111111111111",
          "-m",
          "mark",
          "--mark",
          "0x0",
          "-p",
          "tcp",
          "-j",
          "MARK",
          "--set-mark",
          "0x1"
        ]
      },
      {
        "command": "iptables",
        "args": [
          "-t",
          "mangle",
          "-C",
          "MCL_OU_111111111111",
          "-m",
          "mark",
          "--mark",
          "0x0",
          "-p",
          "udp",
          "-j",
          "MARK",
          "--set-mark",
          "0x1"
        ]
      }
    ],
    "switch": [
      {
        "command": "iptables",
        "args": [
          "-t",
          "mangle",
          "-C",
          "MCL_AN_PR",
          "-j",
          "MCL_PR_000000000000"
        ],
        "on_success": [
          "-t",
          "mangle",
          "-R",
          "MCL_AN_PR",
          "1",
          "-j",
          "MCL_PR_111111111111"
        ],
        "on_failure": [
          "-t",
          "mangle",
          "-A",
          "MCL_AN_PR",
          "-j",
          "MCL_PR_111111111111"
        ]
      },
      {
        "command": "iptables",
        "args": [
          "-t",
          "mangle",
          "-C",
          "MCL_AN_OU",
          "-j",
          "MCL_OU_000000000000"
        ],
        "on_success": [
          "-t",
          "mangle",
          "-R",
          "MCL_AN_OU",
          "1",
          "-j",
          "MCL_OU_111111111111"
        ],
        "on_failure": [
          "-t",
          "mangle",
          "-A",
          "MCL_AN_OU",
          "-j",
          "MCL_OU_111111111111"
        ]
      },
      {
        "command": "iptables",
        "args": [
          "-t",
          "filter",
          "-C",
          "MCL_AN_TI",
          "-j",
          "MCL_TI_000000000000"
        ],
        "on_success": [
          "-t",
          "filter",
          "-R",
          "MCL_AN_TI",
          "1",
          "-j",
          "MCL_TI_111111111111"
        ],
        "on_failure": [
          "-t",
          "filter",
          "-A",
          "MCL_AN_TI",
          "-j",
          "MCL_TI_111111111111"
        ]
      },
      {
        "command": "iptables",
        "args": [
          "-t",
          "filter",
          "-C",
          "MCL_AN_TF",
          "-j",
          "MCL_TF_000000000000"
        ],
        "on_success": [
          "-t",
          "filter",
          "-R",
          "MCL_AN_TF",
          "1",
          "-j",
          "MCL_TF_111111111111"
        ],
        "on_failure": [
          "-t",
          "filter",
          "-A",
          "MCL_AN_TF",
          "-j",
          "MCL_TF_111111111111"
        ]
      }
    ],
    "verify_active": [
      {
        "command": "iptables",
        "args": [
          "-t",
          "mangle",
          "-C",
          "MCL_AN_PR",
          "-j",
          "MCL_PR_111111111111"
        ]
      },
      {
        "command": "iptables",
        "args": [
          "-t",
          "mangle",
          "-C",
          "MCL_AN_OU",
          "-j",
          "MCL_OU_111111111111"
        ]
      },
      {
        "command": "iptables",
        "args": [
          "-t",
          "filter",
          "-C",
          "MCL_AN_TI",
          "-j",
          "MCL_TI_111111111111"
        ]
      },
      {
        "command": "iptables",
        "args": [
          "-t",
          "filter",
          "-C",
          "MCL_AN_TF",
          "-j",
          "MCL_TF_111111111111"
        ]
      }
    ],
    "retire": [
      {
        "command": "iptables",
        "args": [
          "-t",
          "mangle",
          "-L",
          "MCL_PR_000000000000"
        ],
        "on_success": [
          "-t",
          "mangle",
          "-F",
          "MCL_PR_000000000000"
        ],
        "tolerate_failure": true
      },
      {
        "command": "iptables",
        "args": [
          "-t",
          "mangle",
          "-L",
          "MCL_PR_000000000000"
        ],
        "on_success": [
          "-t",
          "mangle",
          "-X",
          "MCL_PR_000000000000"
        ],
        "tolerate_failure": true
      },
      {
        "command": "iptables",
        "args": [
          "-t",
          "mangle",
          "-L",
          "MCL_PX_000000000000"
        ],
        "on_success": [
          "-t",
          "mangle",
          "-F",
          "MCL_PX_000000000000"
        ],
        "tolerate_failure": true
      },
      {
        "command": "iptables",
        "args": [
          "-t",
          "mangle",
          "-L",
          "MCL_PX_000000000000"
        ],
        "on_success": [
          "-t",
          "mangle",
          "-X",
          "MCL_PX_000000000000"
        ],
        "tolerate_failure": true
      },
      {
        "command": "iptables",
        "args": [
          "-t",
          "mangle",
          "-L",
          "MCL_OU_000000000000"
        ],
        "on_success": [
          "-t",
          "mangle",
          "-F",
          "MCL_OU_000000000000"
        ],
        "tolerate_failure": true
      },
      {
        "command": "iptables",
        "args": [
          "-t",
          "mangle",
          "-L",
          "MCL_OU_000000000000"
        ],
        "on_success": [
          "-t",
          "mangle",
          "-X",
          "MCL_OU_000000000000"
        ],
        "tolerate_failure": true
      },
      {
        "command": "iptables",
        "args": [
          "-t",
          "filter",
          "-L",
          "MCL_TI_000000000000"
        ],
        "on_success": [
          "-t",
          "filter",
          "-F",
          "MCL_TI_000000000000"
        ],
        "tolerate_failure": true
      },
      {
        "command": "iptables",
        "args": [
          "-t",
          "filter",
          "-L",
          "MCL_TI_000000000000"
        ],
        "on_success": [
          "-t",
          "filter",
          "-X",
          "MCL_TI_000000000000"
        ],
        "tolerate_failure": true
      },
      {
        "command": "iptables",
        "args": [
          "-t",
          "filter",
          "-L",
          "MCL_TF_000000000000"
        ],
        "on_success": [
          "-t",
          "filter",
          "-F",
          "MCL_TF_000000000000"
        ],
        "tolerate_failure": true
      },
      {
        "command": "iptables",
        "args": [
          "-t",
          "filter",
          "-L",
          "MCL_TF_000000000000"
        ],
        "on_success": [
          "-t",
          "filter",
          "-X",
          "MCL_TF_000000000000"
        ],
        "tolerate_failure": true
      },
      {
        "command": "ipset",
        "args": [
          "list",
          "MCL_L4_000000000000"
        ],
        "on_success": [
          "destroy",
          "MCL_L4_000000000000"
        ],
        "tolerate_failure": true
      },
      {
        "command": "ipset",
        "args": [
          "list",
          "MCL_F4_000000000000"
        ],
        "on_success": [
          "destroy",
          "MCL_F4_000000000000"
        ],
        "tolerate_failure": true
      }
    ]
  },
  "rollback": [
    {
      "command": "iptables",
      "args": [
        "-t",
        "mangle",
        "-L",
        "MCL_PR_111111111111"
      ],
      "on_success": [
        "-t",
        "mangle",
        "-F",
        "MCL_PR_111111111111"
      ],
      "tolerate_failure": true
    },
    {
      "command": "iptables",
      "args": [
        "-t",
        "mangle",
        "-L",
        "MCL_PR_111111111111"
      ],
      "on_success": [
        "-t",
        "mangle",
        "-X",
        "MCL_PR_111111111111"
      ],
      "tolerate_failure": true
    },
    {
      "command": "iptables",
      "args": [
        "-t",
        "mangle",
        "-L",
        "MCL_PX_111111111111"
      ],
      "on_success": [
        "-t",
        "mangle",
        "-F",
        "MCL_PX_111111111111"
      ],
      "tolerate_failure": true
    },
    {
      "command": "iptables",
      "args": [
        "-t",
        "mangle",
        "-L",
        "MCL_PX_111111111111"
      ],
      "on_success": [
        "-t",
        "mangle",
        "-X",
        "MCL_PX_111111111111"
      ],
      "tolerate_failure": true
    },
    {
      "command": "iptables",
      "args": [
        "-t",
        "mangle",
        "-L",
        "MCL_OU_111111111111"
      ],
      "on_success": [
        "-t",
        "mangle",
        "-F",
        "MCL_OU_111111111111"
      ],
      "tolerate_failure": true
    },
    {
      "command": "iptables",
      "args": [
        "-t",
        "mangle",
        "-L",
        "MCL_OU_111111111111"
      ],
      "on_success": [
        "-t",
        "mangle",
        "-X",
        "MCL_OU_111111111111"
      ],
      "tolerate_failure": true
    },
    {
      "command": "iptables",
      "args": [
        "-t",
        "filter",
        "-L",
        "MCL_TI_111111111111"
      ],
      "on_success": [
        "-t",
        "filter",
        "-F",
        "MCL_TI_111111111111"
      ],
      "tolerate_failure": true
    },
    {
      "command": "iptables",
      "args": [
        "-t",
        "filter",
        "-L",
        "MCL_TI_111111111111"
      ],
      "on_success": [
        "-t",
        "filter",
        "-X",
        "MCL_TI_111111111111"
      ],
      "tolerate_failure": true
    },
    {
      "command": "iptables",
      "args": [
        "-t",
        "filter",
        "-L",
        "MCL_TF_111111111111"
      ],
      "on_success": [
        "-t",
        "filter",
        "-F",
        "MCL_TF_111111111111"
      ],
      "tolerate_failure": true
    },
    {
      "command": "iptables",
      "args": [
        "-t",
        "filter",
        "-L",
        "MCL_TF_111111111111"
      ],
      "on_success": [
        "-t",
        "filter",
        "-X",
        "MCL_TF_111111111111"
      ],
      "tolerate_failure": true
    },
    {
      "command": "ipset",
      "args": [
        "list",
        "MCL_L4_111111111111"
      ],
      "on_success": [
        "destroy",
        "MCL_L4_111111111111"
      ],
      "tolerate_failure": true
    },
    {
      "command": "ipset",
      "args": [
        "list",
        "MCL_F4_111111111111"
      ],
      "on_success": [
        "destroy",
        "MCL_F4_111111111111"
      ],
      "tolerate_failure": true
    }
  ],
  "inventory": [
    {
      "command": "iptables",
      "args": [
        "-t",
        "mangle",
        "-N",
        "MCL_PR_111111111111"
      ]
    },
    {
      "command": "iptables",
      "args": [
        "-t",
        "mangle",
        "-N",
        "MCL_PX_111111111111"
      ]
    },
    {
      "command": "iptables",
      "args": [
        "-t",
        "mangle",
        "-N",
        "MCL_OU_111111111111"
      ]
    },
    {
      "command": "iptables",
      "args": [
        "-t",
        "filter",
        "-N",
        "MCL_TI_111111111111"
      ]
    },
    {
      "command": "iptables",
      "args": [
        "-t",
        "filter",
        "-N",
        "MCL_TF_111111111111"
      ]
    },
    {
      "command": "ipset",
      "args": [
        "create",
        "MCL_L4_111111111111",
        "hash:net",
        "family",
        "inet",
        "-exist"
      ]
    },
    {
      "command": "ipset",
      "args": [
        "create",
        "MCL_F4_111111111111",
        "hash:net",
        "family",
        "inet",
        "-exist"
      ]
    },
    {
      "command": "ipset",
      "args": [
        "add",
        "MCL_L4_111111111111",
        "0.0.0.0/8",
        "-exist"
      ]
    },
    {
      "command": "ipset",
      "args": [
        "add",
        "MCL_L4_111111111111",
        "10.0.0.0/8",
        "-exist"
      ]
    },
    {
      "command": "ipset",
      "args": [
        "add",
        "MCL_L4_111111111111",
        "100.64.0.0/10",
        "-exist"
      ]
    },
    {
      "command": "ipset",
      "args": [
        "add",
        "MCL_L4_111111111111",
        "127.0.0.0/8",
        "-exist"
      ]
    },
    {
      "command": "ipset",
      "args": [
        "add",
        "MCL_L4_111111111111",
        "169.254.0.0/16",
        "-exist"
      ]
    },
    {
      "command": "ipset",
      "args": [
        "add",
        "MCL_L4_111111111111",
        "172.16.0.0/12",
        "-exist"
      ]
    },
    {
      "command": "ipset",
      "args": [
        "add",
        "MCL_L4_111111111111",
        "192.0.2.0/24",
        "-exist"
      ]
    },
    {
      "command": "ipset",
      "args": [
        "add",
        "MCL_L4_111111111111",
        "192.88.99.0/24",
        "-exist"
      ]
    },
    {
      "command": "ipset",
      "args": [
        "add",
        "MCL_L4_111111111111",
        "192.168.0.0/16",
        "-exist"
      ]
    },
    {
      "command": "ipset",
      "args": [
        "add",
        "MCL_L4_111111111111",
        "198.51.100.0/24",
        "-exist"
      ]
    },
    {
      "command": "ipset",
      "args": [
        "add",
        "MCL_L4_111111111111",
        "203.0.113.0/24",
        "-exist"
      ]
    },
    {
      "command": "ipset",
      "args": [
        "add",
        "MCL_L4_111111111111",
        "224.0.0.0/4",
        "-exist"
      ]
    },
    {
      "command": "ipset",
      "args": [
        "add",
        "MCL_L4_111111111111",
        "240.0.0.0/4",
        "-exist"
      ]
    },
    {
      "command": "ipset",
      "args": [
        "add",
        "MCL_L4_111111111111",
        "255.255.255.255/32",
        "-exist"
      ]
    },
    {
      "command": "iptables",
      "args": [
        "-t",
        "mangle",
        "-A",
        "MCL_PR_111111111111",
        "-i",
        "eth1",
        "-j",
        "RETURN"
      ]
    },
    {
      "command": "iptables",
      "args": [
        "-t",
        "mangle",
        "-A",
        "MCL_PR_111111111111",
        "-j",
        "MCL_PX_111111111111"
      ]
    },
    {
      "command": "iptables",
      "args": [
        "-t",
        "mangle",
        "-A",
        "MCL_PX_111111111111",
        "-m",
        "mac",
        "--mac-source",
        "02:00:00:00:00:50",
        "-j",
        "DROP"
      ]
    },
    {
      "command": "iptables",
      "args": [
        "-t",
        "mangle",
        "-A",
        "MCL_PX_111111111111",
        "-m",
        "mac",
        "--mac-source",
        "02:00:00:00:00:51",
        "-p",
        "tcp",
        "-j",
        "TPROXY",
        "--on-ip",
        "127.0.0.1",
        "--on-port",
        "7894",
        "--tproxy-mark",
        "0x1"
      ]
    },
    {
      "command": "iptables",
      "args": [
        "-t",
        "mangle",
        "-A",
        "MCL_PX_111111111111",
        "-m",
        "mac",
        "--mac-source",
        "02:00:00:00:00:51",
        "-p",
        "udp",
        "-j",
        "TPROXY",
        "--on-ip",
        "127.0.0.1",
        "--on-port",
        "7894",
        "--tproxy-mark",
        "0x1"
      ]
    },
    {
      "command": "iptables",
      "args": [
        "-t",
        "mangle",
        "-A",
        "MCL_PX_111111111111",
        "-m",
        "set",
        "--match-set",
        "MCL_L4_111111111111",
        "dst",
        "-j",
        "RETURN"
      ]
    },
    {
      "command": "iptables",
      "args": [
        "-t",
        "mangle",
        "-A",
        "MCL_PX_111111111111",
        "-p",
        "udp",
        "--dport",
        "443",
        "-j",
        "DROP"
      ]
    },
    {
      "command": "iptables",
      "args": [
        "-t",
        "mangle",
        "-A",
        "MCL_PX_111111111111",
        "-p",
        "tcp",
        "-j",
        "TPROXY",
        "--on-ip",
        "127.0.0.1",
        "--on-port",
        "7894",
        "--tproxy-mark",
        "0x1"
      ]
    },
    {
      "command": "iptables",
      "args": [
        "-t",
        "mangle",
        "-A",
        "MCL_PX_111111111111",
        "-p",
        "udp",
        "-j",
        "TPROXY",
        "--on-ip",
        "127.0.0.1",
        "--on-port",
        "7894",
        "--tproxy-mark",
        "0x1"
      ]
    },
    {
      "command": "iptables",
      "args": [
        "-t",
        "mangle",
        "-A",
        "MCL_OU_111111111111",
        "-m",
        "mark",
        "--mark",
        "0x0002",
        "-j",
        "RETURN"
      ]
    },
    {
      "command": "iptables",
      "args": [
        "-t",
        "mangle",
        "-A",
        "MCL_OU_111111111111",
        "-m",
        "mark",
        "--mark",
        "0xff00/0xff00",
        "-j",
        "RETURN"
      ]
    },
    {
      "command": "iptables",
      "args": [
        "-t",
        "mangle",
        "-A",
        "MCL_OU_111111111111",
        "-m",
        "set",
        "--match-set",
        "MCL_L4_111111111111",
        "dst",
        "-j",
        "RETURN"
      ]
    },
    {
      "command": "iptables",
      "args": [
        "-t",
        "mangle",
        "-A",
        "MCL_OU_111111111111",
        "-m",
        "mark",
        "--mark",
        "0x0",
        "-p",
        "tcp",
        "-j",
        "MARK",
        "--set-mark",
        "0x1"
      ]
    },
    {
      "command": "iptables",
      "args": [
        "-t",
        "mangle",
        "-A",
        "MCL_OU_111111111111",
        "-m",
        "mark",
        "--mark",
        "0x0",
        "-p",
        "udp",
        "-j",
        "MARK",
        "--set-mark",
        "0x1"
      ]
    }
  ],
  "desired": {
    "proxy_mode": "tproxy",
    "interface_mode": "exclude",
    "lan": [
      "br-lan"
    ],
    "wan": [
      "eth1"
    ],
    "guard": true,
    "quic": true,
    "server_ips": [],
    "fakeip_cidrs": [],
    "device_policies": [
      {
        "id": "blocked-console",
        "mac": "02:00:00:00:00:50",
        "action": "block"
      },
      {
        "id": "proxied-tablet",
        "mac": "02:00:00:00:00:51",
        "action": "proxy"
      }
    ],
    "ip_families": [
      "ipv4"
    ],
    "generation": "111111111111",
    "previous_generation": "000000000000",
    "previous_ip_families": [
      "ipv4"
    ]
  }
}
